// Vitest Snapshot v1, https://vitest.dev/guide/snapshot.html

exports[`lookupAddress > should allow you to lookup an address 1`] = `
{
  "city": "Asperen",
  "district": "Asperen",
  "houseNumber": "5",
  "latitude": 51.88051803,
  "longitude": 5.11206571,
  "municipality": "West Betuwe",
  "neighbourhood": "Asperen Oude Kern",
  "postcode": "4147AZ",
  "province": "Gelderland",
  "street": "Stadswal",
}
`;
